<html>
<body>
<pre>
<h1>礦ision Build Log</h1>
<h2>Project:</h2>
F:\资料包\code\BLE4.0\nrf51822\Board\pca10001\03 at45dbxx_example\arm\uart_example.uvproj
Project File Date:  08/23/2014

<h2>Output:</h2>
Build target 'nrf51822_xxaa (256K)'
Clean started - Project: 'uart_example'
   deleting intermediate output files for target 'nrf51822_xxaa (256K)'
compiling main.c...
compiling AT45DBXX.c...
compiling system_nrf51.c...
assembling startup_arm_nrf51.s...
compiling simple_uart.c...
compiling spi_master.c...
compiling nrf_delay.c...
linking...
Program Size: Code=1220 RO-data=208 RW-data=4 ZI-data=2052  
".\_build\uart_example_arm.axf" - 0 Errors, 0 Warning(s).

*** Performing Cross-Module-Optimization:
compiling main.c...
compiling system_nrf51.c...
compiling simple_uart.c...
compiling spi_master.c...
compiling nrf_delay.c...
linking...
Program Size: Code=1220 RO-data=208 RW-data=4 ZI-data=2052  
FromELF: creating hex file...
".\_build\uart_example_arm.axf" - 0 Errors, 0 Warning(s).
*** Completed Cross-Module-Optimization after 2 iteration(s).
Load "F:\\资料包\\code\\BLE4.0\\nrf51822\\Board\\pca10001\\03 at45dbxx_example\\arm\\_build\\uart_example_arm.axf" 
Set JLink Project File to "F:\资料包\code\BLE4.0\nrf51822\Board\pca10001\03 at45dbxx_example\arm\JLinkSettings.ini"
* JLink Info: Device "NRF51822_XXAA" selected (257 KB flash, 8 KB RAM).
 
JLink info:
------------
DLL: V4.68a, compiled Apr 12 2013 13:26:50
Firmware: J-Link ARM V8 compiled Nov 14 2012 22:34:52
Hardware: V8.00
S/N : 235586136 
Feature(s) : RDI,FlashDL,FlashBP,JFlash,GDBFULL 
 
* JLink Info: Found SWD-DP with ID 0x0BB11477
* JLink Info: FPUnit: 4 code (BP) slots and 0 literal slots
* JLink Info: Found Cortex-M0 r0p0, Little endian.
ROMTableAddr = 0xE00FF003
 
Target info:
------------
Device: nRF51822_xxAA
VTarget = 3.384V
State of Pins: 
TCK: 0, TDI: 0, TDO: 0, TMS: 1, TRES: 1, TRST: 1
Hardware-Breakpoints: 4
Software-Breakpoints: 8192
Watchpoints:          2
JTAG speed: 2000 kHz
 
Erase Done.
Programming Done.
Verify OK.
Application running ...
